../lvgl/src/widgets/chart/../../core/../misc/../font/../draw/../misc/lv_area.h:107:20:lv_area_copy	16	static
../lvgl/src/widgets/chart/../../core/../misc/../font/../draw/../misc/../stdlib/lv_string.h:73:20:lv_memzero	16	static
../lvgl/src/widgets/chart/../../core/lv_obj_style_gen.h:22:23:lv_obj_get_style_width	24	static
../lvgl/src/widgets/chart/../../core/lv_obj_style_gen.h:40:23:lv_obj_get_style_height	24	static
../lvgl/src/widgets/chart/../../core/lv_obj_style_gen.h:154:23:lv_obj_get_style_pad_top	24	static
../lvgl/src/widgets/chart/../../core/lv_obj_style_gen.h:160:23:lv_obj_get_style_pad_bottom	24	static
../lvgl/src/widgets/chart/../../core/lv_obj_style_gen.h:166:23:lv_obj_get_style_pad_left	24	static
../lvgl/src/widgets/chart/../../core/lv_obj_style_gen.h:172:23:lv_obj_get_style_pad_right	24	static
../lvgl/src/widgets/chart/../../core/lv_obj_style_gen.h:184:23:lv_obj_get_style_pad_column	24	static
../lvgl/src/widgets/chart/../../core/lv_obj_style_gen.h:334:24:lv_obj_get_style_border_opa	24	static
../lvgl/src/widgets/chart/../../core/lv_obj_style_gen.h:340:23:lv_obj_get_style_border_width	24	static
../lvgl/src/widgets/chart/../../core/lv_obj_style_gen.h:346:32:lv_obj_get_style_border_side	24	static
../lvgl/src/widgets/chart/../../core/lv_obj_style_gen.h:454:23:lv_obj_get_style_line_width	24	static
../lvgl/src/widgets/chart/lv_chart.c:71:12:lv_chart_create	24	static
../lvgl/src/widgets/chart/lv_chart.c:79:6:lv_chart_set_type	32	static
../lvgl/src/widgets/chart/lv_chart.c:108:6:lv_chart_set_point_count	24	static
../lvgl/src/widgets/chart/lv_chart.c:132:6:lv_chart_set_range	32	static
../lvgl/src/widgets/chart/lv_chart.c:164:6:lv_chart_set_update_mode	24	static
../lvgl/src/widgets/chart/lv_chart.c:175:6:lv_chart_set_div_line_count	24	static
../lvgl/src/widgets/chart/lv_chart.c:188:17:lv_chart_get_type	24	static
../lvgl/src/widgets/chart/lv_chart.c:196:10:lv_chart_get_point_count	24	static
../lvgl/src/widgets/chart/lv_chart.c:204:10:lv_chart_get_x_start_point	16	static
../lvgl/src/widgets/chart/lv_chart.c:212:6:lv_chart_get_point_pos_by_id	88	static
../lvgl/src/widgets/chart/lv_chart.c:292:6:lv_chart_refresh	16	static
../lvgl/src/widgets/chart/lv_chart.c:303:21:lv_chart_add_series	48	static
../lvgl/src/widgets/chart/lv_chart.c:365:6:lv_chart_remove_series	24	static
../lvgl/src/widgets/chart/lv_chart.c:380:6:lv_chart_hide_series	24	static
../lvgl/src/widgets/chart/lv_chart.c:389:6:lv_chart_set_series_color	24	static
../lvgl/src/widgets/chart/lv_chart.c:398:12:lv_chart_get_series_color	24	static
../lvgl/src/widgets/chart/lv_chart.c:407:6:lv_chart_set_x_start_point	32	static
../lvgl/src/widgets/chart/lv_chart.c:417:21:lv_chart_get_series_next	24	static
../lvgl/src/widgets/chart/lv_chart.c:430:22:lv_chart_add_cursor	32	static
../lvgl/src/widgets/chart/lv_chart.c:448:6:lv_chart_set_cursor_pos	24	static
../lvgl/src/widgets/chart/lv_chart.c:458:6:lv_chart_set_cursor_point	24	static
../lvgl/src/widgets/chart/lv_chart.c:470:12:lv_chart_get_cursor_point	24	static
../lvgl/src/widgets/chart/lv_chart.c:482:6:lv_chart_set_all_values	32	static
../lvgl/src/widgets/chart/lv_chart.c:496:6:lv_chart_set_next_value	32	static
../lvgl/src/widgets/chart/lv_chart.c:508:6:lv_chart_set_next_value2	32	static
../lvgl/src/widgets/chart/lv_chart.c:526:6:lv_chart_set_value_by_id	32	static
../lvgl/src/widgets/chart/lv_chart.c:537:6:lv_chart_set_value_by_id2	32	static
../lvgl/src/widgets/chart/lv_chart.c:555:6:lv_chart_set_ext_y_array	24	static
../lvgl/src/widgets/chart/lv_chart.c:566:6:lv_chart_set_ext_x_array	24	static
../lvgl/src/widgets/chart/lv_chart.c:577:11:lv_chart_get_y_array	16	static
../lvgl/src/widgets/chart/lv_chart.c:585:11:lv_chart_get_x_array	16	static
../lvgl/src/widgets/chart/lv_chart.c:593:10:lv_chart_get_pressed_point	24	static
../lvgl/src/widgets/chart/lv_chart.c:599:9:lv_chart_get_first_point_center_offset	40	static
../lvgl/src/widgets/chart/lv_chart.c:621:13:lv_chart_constructor	24	static
../lvgl/src/widgets/chart/lv_chart.c:650:13:lv_chart_destructor	32	static
../lvgl/src/widgets/chart/lv_chart.c:680:13:lv_chart_event	64	static
../lvgl/src/widgets/chart/lv_chart.c:726:13:draw_div_lines	184	static
../lvgl/src/widgets/chart/lv_chart.c:803:13:draw_series_line	368	static
../lvgl/src/widgets/chart/lv_chart.c:958:13:draw_series_scatter	336	static
../lvgl/src/widgets/chart/lv_chart.c:1080:13:draw_series_bar	264	static
../lvgl/src/widgets/chart/lv_chart.c:1167:13:draw_cursors	464	static
../lvgl/src/widgets/chart/lv_chart.c:1273:17:get_index_from_x	32	static
../lvgl/src/widgets/chart/lv_chart.c:1288:13:invalidate_point	104	static
../lvgl/src/widgets/chart/lv_chart.c:1350:13:new_points_alloc	40	static
