../lvgl/src/widgets/slider/../bar/../../core/../misc/../font/../draw/../misc/lv_area.h:107:20:lv_area_copy	16	static
../lvgl/src/widgets/slider/../bar/../../core/lv_obj_style_gen.h:82:23:lv_obj_get_style_transform_width	24	static
../lvgl/src/widgets/slider/../bar/../../core/lv_obj_style_gen.h:88:23:lv_obj_get_style_transform_height	24	static
../lvgl/src/widgets/slider/../bar/../../core/lv_obj_style_gen.h:154:23:lv_obj_get_style_pad_top	24	static
../lvgl/src/widgets/slider/../bar/../../core/lv_obj_style_gen.h:160:23:lv_obj_get_style_pad_bottom	24	static
../lvgl/src/widgets/slider/../bar/../../core/lv_obj_style_gen.h:166:23:lv_obj_get_style_pad_left	24	static
../lvgl/src/widgets/slider/../bar/../../core/lv_obj_style_gen.h:172:23:lv_obj_get_style_pad_right	24	static
../lvgl/src/widgets/slider/../bar/../../core/lv_obj_style_gen.h:652:29:lv_obj_get_style_base_dir	24	static
../lvgl/src/widgets/slider/lv_slider.c:127:12:lv_slider_create	24	static
../lvgl/src/widgets/slider/lv_slider.c:135:6:lv_slider_is_dragged	24	static
../lvgl/src/widgets/slider/lv_slider.c:143:6:lv_slider_set_value	24	static
../lvgl/src/widgets/slider/lv_slider.c:148:6:lv_slider_set_left_value	24	static
../lvgl/src/widgets/slider/lv_slider.c:153:6:lv_slider_set_range	24	static
../lvgl/src/widgets/slider/lv_slider.c:158:6:lv_slider_set_mode	16	static
../lvgl/src/widgets/slider/lv_slider.c:163:6:lv_slider_set_orientation	16	static
../lvgl/src/widgets/slider/lv_slider.c:168:9:lv_slider_get_value	16	static
../lvgl/src/widgets/slider/lv_slider.c:173:9:lv_slider_get_left_value	16	static
../lvgl/src/widgets/slider/lv_slider.c:178:9:lv_slider_get_min_value	16	static
../lvgl/src/widgets/slider/lv_slider.c:183:9:lv_slider_get_max_value	16	static
../lvgl/src/widgets/slider/lv_slider.c:188:18:lv_slider_get_mode	24	static
../lvgl/src/widgets/slider/lv_slider.c:196:25:lv_slider_get_orientation	24	static
../lvgl/src/widgets/slider/lv_slider.c:204:6:lv_slider_is_symmetrical	16	static
../lvgl/src/widgets/slider/lv_slider.c:213:13:lv_slider_constructor	24	static
../lvgl/src/widgets/slider/lv_slider.c:229:13:lv_slider_event	120	static
../lvgl/src/widgets/slider/lv_slider.c:368:13:draw_knob	280	static
../lvgl/src/widgets/slider/lv_slider.c:430:13:position_knob	48	static
../lvgl/src/widgets/slider/lv_slider.c:460:13:is_slider_horizontal	32	static
../lvgl/src/widgets/slider/lv_slider.c:468:13:drag_start	40	static
../lvgl/src/widgets/slider/lv_slider.c:532:13:update_knob_pos	96	static
