../lvgl/src/layouts/flex/../../misc/lv_area.h:107:20:lv_area_copy	16	static
../lvgl/src/layouts/flex/../../core/lv_obj_style_gen.h:22:23:lv_obj_get_style_width	24	static
../lvgl/src/layouts/flex/../../core/lv_obj_style_gen.h:28:23:lv_obj_get_style_min_width	24	static
../lvgl/src/layouts/flex/../../core/lv_obj_style_gen.h:34:23:lv_obj_get_style_max_width	24	static
../lvgl/src/layouts/flex/../../core/lv_obj_style_gen.h:40:23:lv_obj_get_style_height	24	static
../lvgl/src/layouts/flex/../../core/lv_obj_style_gen.h:46:23:lv_obj_get_style_min_height	24	static
../lvgl/src/layouts/flex/../../core/lv_obj_style_gen.h:52:23:lv_obj_get_style_max_height	24	static
../lvgl/src/layouts/flex/../../core/lv_obj_style_gen.h:94:23:lv_obj_get_style_translate_x	24	static
../lvgl/src/layouts/flex/../../core/lv_obj_style_gen.h:100:23:lv_obj_get_style_translate_y	24	static
../lvgl/src/layouts/flex/../../core/lv_obj_style_gen.h:154:23:lv_obj_get_style_pad_top	24	static
../lvgl/src/layouts/flex/../../core/lv_obj_style_gen.h:166:23:lv_obj_get_style_pad_left	24	static
../lvgl/src/layouts/flex/../../core/lv_obj_style_gen.h:178:23:lv_obj_get_style_pad_row	24	static
../lvgl/src/layouts/flex/../../core/lv_obj_style_gen.h:184:23:lv_obj_get_style_pad_column	24	static
../lvgl/src/layouts/flex/../../core/lv_obj_style_gen.h:196:23:lv_obj_get_style_margin_top	24	static
../lvgl/src/layouts/flex/../../core/lv_obj_style_gen.h:202:23:lv_obj_get_style_margin_bottom	24	static
../lvgl/src/layouts/flex/../../core/lv_obj_style_gen.h:208:23:lv_obj_get_style_margin_left	24	static
../lvgl/src/layouts/flex/../../core/lv_obj_style_gen.h:214:23:lv_obj_get_style_margin_right	24	static
../lvgl/src/layouts/flex/../../core/lv_obj_style_gen.h:340:23:lv_obj_get_style_border_width	24	static
../lvgl/src/layouts/flex/../../core/lv_obj_style_gen.h:346:32:lv_obj_get_style_border_side	24	static
../lvgl/src/layouts/flex/../../core/lv_obj_style_gen.h:652:29:lv_obj_get_style_base_dir	24	static
../lvgl/src/layouts/flex/../../core/lv_obj_style_gen.h:671:30:lv_obj_get_style_flex_flow	24	static
../lvgl/src/layouts/flex/../../core/lv_obj_style_gen.h:677:31:lv_obj_get_style_flex_main_place	24	static
../lvgl/src/layouts/flex/../../core/lv_obj_style_gen.h:683:31:lv_obj_get_style_flex_cross_place	24	static
../lvgl/src/layouts/flex/../../core/lv_obj_style_gen.h:689:31:lv_obj_get_style_flex_track_place	24	static
../lvgl/src/layouts/flex/../../core/lv_obj_style_gen.h:695:23:lv_obj_get_style_flex_grow	24	static
../lvgl/src/layouts/flex/../../core/lv_obj_style.h:256:23:lv_obj_get_style_space_left	32	static
../lvgl/src/layouts/flex/../../core/lv_obj_style.h:272:23:lv_obj_get_style_space_top	32	static
../lvgl/src/layouts/flex/lv_flex.c:95:6:lv_flex_init	4	static
../lvgl/src/layouts/flex/lv_flex.c:101:6:lv_obj_set_flex_flow	16	static
../lvgl/src/layouts/flex/lv_flex.c:107:6:lv_obj_set_flex_align	16	static
../lvgl/src/layouts/flex/lv_flex.c:116:6:lv_obj_set_flex_grow	16	static
../lvgl/src/layouts/flex/lv_flex.c:126:13:flex_update	176	static
../lvgl/src/layouts/flex/lv_flex.c:233:16:find_track_end	80	static
../lvgl/src/layouts/flex/lv_flex.c:333:13:children_repos	168	static
../lvgl/src/layouts/flex/lv_flex.c:485:13:place_content	24	static
../lvgl/src/layouts/flex/lv_flex.c:524:19:get_next_item	24	static
../lvgl/src/layouts/flex/lv_flex.c:538:16:lv_obj_get_width_with_margin	24	static
../lvgl/src/layouts/flex/lv_flex.c:545:16:lv_obj_get_height_with_margin	24	static
