../lvgl/examples/others/observer/../../../src/core/../misc/lv_style.h:564:20:lv_style_set_pad_all	16	static
../lvgl/examples/others/observer/../../../src/core/../misc/lv_style.h:572:20:lv_style_set_pad_hor	16	static
../lvgl/examples/others/observer/../../../src/core/../misc/lv_style.h:578:20:lv_style_set_pad_ver	16	static
../lvgl/examples/others/observer/../../../src/core/../misc/lv_style.h:584:20:lv_style_set_pad_gap	16	static
../lvgl/examples/others/observer/lv_example_observer_6.c:18:6:lv_example_observer_6	24	static
../lvgl/examples/others/observer/lv_example_observer_6.c:40:13:switch_theme_event_cb	16	static
../lvgl/examples/others/observer/lv_example_observer_6.c:59:13:my_panel_style_observer_cb	64	static
../lvgl/examples/others/observer/lv_example_observer_6.c:83:19:my_panel_create	24	static
../lvgl/examples/others/observer/lv_example_observer_6.c:129:13:my_button_style_observer_cb	64	static
../lvgl/examples/others/observer/lv_example_observer_6.c:157:19:my_button_create	32	static
