../lvgl/src/widgets/buttonmatrix/../../core/../misc/../font/../draw/../misc/lv_area.h:107:20:lv_area_copy	16	static
../lvgl/src/widgets/buttonmatrix/../../core/../misc/../font/../draw/../misc/../stdlib/lv_string.h:73:20:lv_memzero	16	static
../lvgl/src/widgets/buttonmatrix/../../core/lv_obj_style_gen.h:154:23:lv_obj_get_style_pad_top	24	static
../lvgl/src/widgets/buttonmatrix/../../core/lv_obj_style_gen.h:160:23:lv_obj_get_style_pad_bottom	24	static
../lvgl/src/widgets/buttonmatrix/../../core/lv_obj_style_gen.h:166:23:lv_obj_get_style_pad_left	24	static
../lvgl/src/widgets/buttonmatrix/../../core/lv_obj_style_gen.h:172:23:lv_obj_get_style_pad_right	24	static
../lvgl/src/widgets/buttonmatrix/../../core/lv_obj_style_gen.h:178:23:lv_obj_get_style_pad_row	24	static
../lvgl/src/widgets/buttonmatrix/../../core/lv_obj_style_gen.h:184:23:lv_obj_get_style_pad_column	24	static
../lvgl/src/widgets/buttonmatrix/../../core/lv_obj_style_gen.h:340:23:lv_obj_get_style_border_width	24	static
../lvgl/src/widgets/buttonmatrix/../../core/lv_obj_style_gen.h:346:32:lv_obj_get_style_border_side	24	static
../lvgl/src/widgets/buttonmatrix/../../core/lv_obj_style_gen.h:652:29:lv_obj_get_style_base_dir	24	static
../lvgl/src/widgets/buttonmatrix/../../core/lv_obj_style.h:256:23:lv_obj_get_style_space_left	32	static
../lvgl/src/widgets/buttonmatrix/../../core/lv_obj_style.h:272:23:lv_obj_get_style_space_top	32	static
../lvgl/src/widgets/buttonmatrix/lv_buttonmatrix.c:88:12:lv_buttonmatrix_create	24	static
../lvgl/src/widgets/buttonmatrix/lv_buttonmatrix.c:100:6:lv_buttonmatrix_set_map	120	static
../lvgl/src/widgets/buttonmatrix/lv_buttonmatrix.c:191:6:lv_buttonmatrix_set_ctrl_map	24	static
../lvgl/src/widgets/buttonmatrix/lv_buttonmatrix.c:201:6:lv_buttonmatrix_set_selected_button	24	static
../lvgl/src/widgets/buttonmatrix/lv_buttonmatrix.c:214:6:lv_buttonmatrix_set_button_ctrl	32	static
../lvgl/src/widgets/buttonmatrix/lv_buttonmatrix.c:234:6:lv_buttonmatrix_clear_button_ctrl	32	static
../lvgl/src/widgets/buttonmatrix/lv_buttonmatrix.c:250:6:lv_buttonmatrix_set_button_ctrl_all	24	static
../lvgl/src/widgets/buttonmatrix/lv_buttonmatrix.c:261:6:lv_buttonmatrix_clear_button_ctrl_all	24	static
../lvgl/src/widgets/buttonmatrix/lv_buttonmatrix.c:272:6:lv_buttonmatrix_set_button_width	32	static
../lvgl/src/widgets/buttonmatrix/lv_buttonmatrix.c:284:6:lv_buttonmatrix_set_one_checked	24	static
../lvgl/src/widgets/buttonmatrix/lv_buttonmatrix.c:299:22:lv_buttonmatrix_get_map	24	static
../lvgl/src/widgets/buttonmatrix/lv_buttonmatrix.c:307:10:lv_buttonmatrix_get_selected_button	24	static
../lvgl/src/widgets/buttonmatrix/lv_buttonmatrix.c:315:14:lv_buttonmatrix_get_button_text	32	static
../lvgl/src/widgets/buttonmatrix/lv_buttonmatrix.c:340:6:lv_buttonmatrix_has_button_ctrl	32	static
../lvgl/src/widgets/buttonmatrix/lv_buttonmatrix.c:350:6:lv_buttonmatrix_get_one_checked	24	static
../lvgl/src/widgets/buttonmatrix/lv_buttonmatrix.c:363:13:lv_buttonmatrix_constructor	24	static
../lvgl/src/widgets/buttonmatrix/lv_buttonmatrix.c:383:13:lv_buttonmatrix_destructor	24	static
../lvgl/src/widgets/buttonmatrix/lv_buttonmatrix.c:395:13:lv_buttonmatrix_event	136	static
../lvgl/src/widgets/buttonmatrix/lv_buttonmatrix.c:669:13:draw_main	552	static
../lvgl/src/widgets/buttonmatrix/lv_buttonmatrix.c:828:13:allocate_button_areas_and_controls	32	static
../lvgl/src/widgets/buttonmatrix/lv_buttonmatrix.c:873:17:get_button_width	24	static
../lvgl/src/widgets/buttonmatrix/lv_buttonmatrix.c:879:13:button_is_hidden	16	static
../lvgl/src/widgets/buttonmatrix/lv_buttonmatrix.c:884:13:button_is_checked	16	static
../lvgl/src/widgets/buttonmatrix/lv_buttonmatrix.c:889:13:button_is_repeat_disabled	16	static
../lvgl/src/widgets/buttonmatrix/lv_buttonmatrix.c:894:13:button_is_inactive	16	static
../lvgl/src/widgets/buttonmatrix/lv_buttonmatrix.c:899:13:button_is_click_trig	16	static
../lvgl/src/widgets/buttonmatrix/lv_buttonmatrix.c:904:13:button_is_popover	16	static
../lvgl/src/widgets/buttonmatrix/lv_buttonmatrix.c:909:13:button_is_checkable	16	static
../lvgl/src/widgets/buttonmatrix/lv_buttonmatrix.c:914:13:button_get_checked	16	static
../lvgl/src/widgets/buttonmatrix/lv_buttonmatrix.c:925:17:get_button_from_point	88	static
../lvgl/src/widgets/buttonmatrix/lv_buttonmatrix.c:978:13:invalidate_button_area	64	static
../lvgl/src/widgets/buttonmatrix/lv_buttonmatrix.c:1021:13:make_one_button_checked	24	static
../lvgl/src/widgets/buttonmatrix/lv_buttonmatrix.c:1036:13:has_popovers_in_top_row	32	static
../lvgl/src/widgets/buttonmatrix/lv_buttonmatrix.c:1057:13:button_is_recolor	16	static
