../lvgl/src/libs/bin_decoder/lv_bin_decoder.c:95:6:lv_bin_decoder_init	16	static
../lvgl/src/libs/bin_decoder/lv_bin_decoder.c:114:13:lv_bin_decoder_info	40	static
../lvgl/src/libs/bin_decoder/lv_bin_decoder.c:180:13:lv_bin_decoder_open	136	static
../lvgl/src/libs/bin_decoder/lv_bin_decoder.c:376:6:lv_bin_decoder_close	24	static
../lvgl/src/libs/bin_decoder/lv_bin_decoder.c:389:13:lv_bin_decoder_get_area	104	static
../lvgl/src/libs/bin_decoder/lv_bin_decoder.c:531:25:get_decoder_data	24	static
../lvgl/src/libs/bin_decoder/lv_bin_decoder.c:548:13:free_decoder_data	24	static
../lvgl/src/libs/bin_decoder/lv_bin_decoder.c:565:20:decode_indexed	80	static
../lvgl/src/libs/bin_decoder/lv_bin_decoder.c:687:20:load_indexed	16	static
../lvgl/src/libs/bin_decoder/lv_bin_decoder.c:820:23:bit_extend	24	static
../lvgl/src/libs/bin_decoder/lv_bin_decoder.c:834:20:decode_alpha_only	80	static
../lvgl/src/libs/bin_decoder/lv_bin_decoder.c:905:20:decode_compressed	16	static
../lvgl/src/libs/bin_decoder/lv_bin_decoder.c:1023:20:decode_indexed_line	40	static
../lvgl/src/libs/bin_decoder/lv_bin_decoder.c:1071:20:fs_read_file_at	32	static
../lvgl/src/libs/bin_decoder/lv_bin_decoder.c:1089:20:decompress_image	48	static
