../lvgl/src/draw/sw/blend/lv_draw_sw_blend_to_rgb888.c:184:28:lv_draw_sw_blend_color_to_rgb888	96	static
../lvgl/src/draw/sw/blend/lv_draw_sw_blend_to_rgb888.c:311:28:lv_draw_sw_blend_image_to_rgb888	16	static
../lvgl/src/draw/sw/blend/lv_draw_sw_blend_to_rgb888.c:359:35:i1_image_blend	72	static
../lvgl/src/draw/sw/blend/lv_draw_sw_blend_to_rgb888.c:449:35:al88_image_blend	80	static
../lvgl/src/draw/sw/blend/lv_draw_sw_blend_to_rgb888.c:535:35:l8_image_blend	80	static
../lvgl/src/draw/sw/blend/lv_draw_sw_blend_to_rgb888.c:623:35:rgb565_image_blend	80	static
../lvgl/src/draw/sw/blend/lv_draw_sw_blend_to_rgb888.c:721:35:rgb888_image_blend	96	static
../lvgl/src/draw/sw/blend/lv_draw_sw_blend_to_rgb888.c:821:35:argb8888_image_blend	80	static
../lvgl/src/draw/sw/blend/lv_draw_sw_blend_to_rgb888.c:906:42:blend_non_normal_pixel	32	static
../lvgl/src/draw/sw/blend/lv_draw_sw_blend_to_rgb888.c:932:42:lv_color_8_24_mix	24	static
../lvgl/src/draw/sw/blend/lv_draw_sw_blend_to_rgb888.c:950:42:lv_color_24_24_mix	32	static
../lvgl/src/draw/sw/blend/lv_draw_sw_blend_to_rgb888.c:970:45:get_bit	16	static
../lvgl/src/draw/sw/blend/lv_draw_sw_blend_to_rgb888.c:978:44:drawbuf_next_row	16	static
