../lvgl/src/draw/sw/blend/../../../misc/../font/../draw/../misc/../stdlib/lv_string.h:73:20:lv_memzero	16	static
../lvgl/src/draw/sw/blend/lv_draw_sw_blend_to_argb8888.c:209:28:lv_draw_sw_blend_color_to_argb8888	104	static
../lvgl/src/draw/sw/blend/lv_draw_sw_blend_to_argb8888.c:318:28:lv_draw_sw_blend_image_to_argb8888	16	static
../lvgl/src/draw/sw/blend/lv_draw_sw_blend_to_argb8888.c:365:35:i1_image_blend	88	static
../lvgl/src/draw/sw/blend/lv_draw_sw_blend_to_argb8888.c:458:35:al88_image_blend	96	static
../lvgl/src/draw/sw/blend/lv_draw_sw_blend_to_argb8888.c:554:35:l8_image_blend	88	static
../lvgl/src/draw/sw/blend/lv_draw_sw_blend_to_argb8888.c:645:35:rgb565_image_blend	96	static
../lvgl/src/draw/sw/blend/lv_draw_sw_blend_to_argb8888.c:744:35:rgb888_image_blend	104	static
../lvgl/src/draw/sw/blend/lv_draw_sw_blend_to_argb8888.c:864:35:argb8888_image_blend	88	static
../lvgl/src/draw/sw/blend/lv_draw_sw_blend_to_argb8888.c:952:42:lv_color_8_32_mix	24	static
../lvgl/src/draw/sw/blend/lv_draw_sw_blend_to_argb8888.c:971:50:lv_color_32_32_mix	40	static
../lvgl/src/draw/sw/blend/lv_draw_sw_blend_to_argb8888.c:1011:6:lv_color_mix_with_alpha_cache_init	16	static
../lvgl/src/draw/sw/blend/lv_draw_sw_blend_to_argb8888.c:1022:45:get_bit	16	static
../lvgl/src/draw/sw/blend/lv_draw_sw_blend_to_argb8888.c:1029:42:blend_non_normal_pixel	32	static
../lvgl/src/draw/sw/blend/lv_draw_sw_blend_to_argb8888.c:1057:44:drawbuf_next_row	16	static
