../lvgl/src/draw/sw/blend/../../../misc/../font/../draw/../misc/../stdlib/lv_string.h:73:20:lv_memzero	16	static
../lvgl/src/draw/sw/blend/lv_draw_sw_blend_to_al88.c:197:28:lv_draw_sw_blend_color_to_al88	88	static
../lvgl/src/draw/sw/blend/lv_draw_sw_blend_to_al88.c:309:28:lv_draw_sw_blend_image_to_al88	16	static
../lvgl/src/draw/sw/blend/lv_draw_sw_blend_to_al88.c:355:35:i1_image_blend	88	static
../lvgl/src/draw/sw/blend/lv_draw_sw_blend_to_al88.c:448:35:l8_image_blend	88	static
../lvgl/src/draw/sw/blend/lv_draw_sw_blend_to_al88.c:541:35:al88_image_blend	88	static
../lvgl/src/draw/sw/blend/lv_draw_sw_blend_to_al88.c:629:35:rgb565_image_blend	96	static
../lvgl/src/draw/sw/blend/lv_draw_sw_blend_to_al88.c:724:35:rgb888_image_blend	104	static
../lvgl/src/draw/sw/blend/lv_draw_sw_blend_to_al88.c:826:35:argb8888_image_blend	88	static
../lvgl/src/draw/sw/blend/lv_draw_sw_blend_to_al88.c:929:20:lv_color16a_eq	16	static
../lvgl/src/draw/sw/blend/lv_draw_sw_blend_to_al88.c:934:51:lv_color_mix16a	24	static
../lvgl/src/draw/sw/blend/lv_draw_sw_blend_to_al88.c:949:42:lv_color_16a_16a_mix	32	static
../lvgl/src/draw/sw/blend/lv_draw_sw_blend_to_al88.c:989:6:lv_color_mix_with_alpha_cache_init	16	static
../lvgl/src/draw/sw/blend/lv_draw_sw_blend_to_al88.c:1000:45:get_bit	16	static
../lvgl/src/draw/sw/blend/lv_draw_sw_blend_to_al88.c:1007:42:blend_non_normal_pixel	32	static
../lvgl/src/draw/sw/blend/lv_draw_sw_blend_to_al88.c:1029:44:drawbuf_next_row	16	static
