../lvgl/src/draw/sw/blend/lv_draw_sw_blend_to_rgb565.c:211:28:lv_draw_sw_blend_color_to_rgb565	96	static
../lvgl/src/draw/sw/blend/lv_draw_sw_blend_to_rgb565.c:362:28:lv_draw_sw_blend_image_to_rgb565	16	static
../lvgl/src/draw/sw/blend/lv_draw_sw_blend_to_rgb565.c:409:35:i1_image_blend	88	static
../lvgl/src/draw/sw/blend/lv_draw_sw_blend_to_rgb565.c:526:35:al88_image_blend	88	static
../lvgl/src/draw/sw/blend/lv_draw_sw_blend_to_rgb565.c:644:35:l8_image_blend	88	static
../lvgl/src/draw/sw/blend/lv_draw_sw_blend_to_rgb565.c:757:35:rgb565_image_blend	88	static
../lvgl/src/draw/sw/blend/lv_draw_sw_blend_to_rgb565.c:867:35:rgb888_image_blend	80	static
../lvgl/src/draw/sw/blend/lv_draw_sw_blend_to_rgb565.c:979:35:argb8888_image_blend	80	static
../lvgl/src/draw/sw/blend/lv_draw_sw_blend_to_rgb565.c:1094:46:l8_to_rgb565	16	static
../lvgl/src/draw/sw/blend/lv_draw_sw_blend_to_rgb565.c:1099:46:lv_color_8_16_mix	24	static
../lvgl/src/draw/sw/blend/lv_draw_sw_blend_to_rgb565.c:1117:46:lv_color_24_16_mix	24	static
../lvgl/src/draw/sw/blend/lv_draw_sw_blend_to_rgb565.c:1136:45:get_bit	16	static
../lvgl/src/draw/sw/blend/lv_draw_sw_blend_to_rgb565.c:1143:44:drawbuf_next_row	16	static
