../lvgl/src/themes/default/../../../src/core/../misc/lv_style.h:558:20:lv_style_set_size	24	static
../lvgl/src/themes/default/../../../src/core/../misc/lv_style.h:564:20:lv_style_set_pad_all	16	static
../lvgl/src/themes/default/../../../src/core/../misc/lv_style.h:572:20:lv_style_set_pad_hor	16	static
../lvgl/src/themes/default/../../../src/core/../misc/lv_style.h:578:20:lv_style_set_pad_ver	16	static
../lvgl/src/themes/default/../../../src/core/../misc/lv_style.h:584:20:lv_style_set_pad_gap	16	static
../lvgl/src/themes/default/lv_theme_default.c:200:19:dark_color_filter_cb	32	static
../lvgl/src/themes/default/lv_theme_default.c:206:19:grey_filter_cb	40	static
../lvgl/src/themes/default/lv_theme_default.c:213:13:style_init	88	static
../lvgl/src/themes/default/lv_theme_default.c:640:14:lv_theme_default_init	56	static
../lvgl/src/themes/default/lv_theme_default.c:693:6:lv_theme_default_deinit	24	static
../lvgl/src/themes/default/lv_theme_default.c:710:14:lv_theme_default_get	8	static
../lvgl/src/themes/default/lv_theme_default.c:719:6:lv_theme_default_is_inited	16	static
../lvgl/src/themes/default/lv_theme_default.c:726:13:theme_apply	32	static
../lvgl/src/themes/default/lv_theme_default.c:1225:13:style_init_reset	16	static
