../lvgl/src/draw/sw/../../misc/lv_area.h:107:20:lv_area_copy	16	static
../lvgl/src/draw/sw/../../misc/../stdlib/lv_string.h:73:20:lv_memzero	16	static
../lvgl/src/draw/sw/../../core/../draw/sw/../../osal/lv_os.h:210:27:lv_mutex_init	16	static
../lvgl/src/draw/sw/../../core/../draw/sw/../../osal/lv_os.h:216:27:lv_mutex_lock	16	static
../lvgl/src/draw/sw/../../core/../draw/sw/../../osal/lv_os.h:228:27:lv_mutex_unlock	16	static
../lvgl/src/draw/sw/../../core/../draw/sw/../../osal/lv_os.h:234:27:lv_mutex_delete	16	static
../lvgl/src/draw/sw/lv_draw_sw_mask.c:81:6:lv_draw_sw_mask_init	8	static
../lvgl/src/draw/sw/lv_draw_sw_mask.c:86:6:lv_draw_sw_mask_deinit	8	static
../lvgl/src/draw/sw/lv_draw_sw_mask.c:91:45:lv_draw_sw_mask_apply	56	static
../lvgl/src/draw/sw/lv_draw_sw_mask.c:110:6:lv_draw_sw_mask_free_param	24	static
../lvgl/src/draw/sw/lv_draw_sw_mask.c:130:6:lv_draw_sw_mask_cleanup	16	static
../lvgl/src/draw/sw/lv_draw_sw_mask.c:141:6:lv_draw_sw_mask_line_points_init	48	static
../lvgl/src/draw/sw/lv_draw_sw_mask.c:223:6:lv_draw_sw_mask_line_angle_init	40	static
../lvgl/src/draw/sw/lv_draw_sw_mask.c:241:6:lv_draw_sw_mask_angle_init	40	static
../lvgl/src/draw/sw/lv_draw_sw_mask.c:294:6:lv_draw_sw_mask_radius_init	48	static
../lvgl/src/draw/sw/lv_draw_sw_mask.c:357:6:lv_draw_sw_mask_fade_init	24	static
../lvgl/src/draw/sw/lv_draw_sw_mask.c:370:6:lv_draw_sw_mask_map_init	24	static
../lvgl/src/draw/sw/lv_draw_sw_mask.c:382:52:lv_draw_mask_line	48	static
../lvgl/src/draw/sw/lv_draw_sw_mask.c:442:52:line_mask_flat	64	static
../lvgl/src/draw/sw/lv_draw_sw_mask.c:559:52:line_mask_steep	80	static
../lvgl/src/draw/sw/lv_draw_sw_mask.c:702:52:lv_draw_mask_angle	96	static
../lvgl/src/draw/sw/lv_draw_sw_mask.c:840:52:lv_draw_mask_radius	128	static
../lvgl/src/draw/sw/lv_draw_sw_mask.c:950:52:lv_draw_mask_fade	56	static
../lvgl/src/draw/sw/lv_draw_sw_mask.c:996:52:lv_draw_mask_map	48	static
../lvgl/src/draw/sw/lv_draw_sw_mask.c:1036:13:circ_init	24	static
../lvgl/src/draw/sw/lv_draw_sw_mask.c:1048:13:circ_cont	16	static
../lvgl/src/draw/sw/lv_draw_sw_mask.c:1058:13:circ_next	16	static
../lvgl/src/draw/sw/lv_draw_sw_mask.c:1071:13:circ_calc_aa4	104	static
../lvgl/src/draw/sw/lv_draw_sw_mask.c:1220:19:get_next_line	24	static
../lvgl/src/draw/sw/lv_draw_sw_mask.c:1228:46:mask_mix	16	static
