../lvgl/src/widgets/imagebutton/../../core/../misc/../font/../draw/../misc/lv_area.h:107:20:lv_area_copy	16	static
../lvgl/src/widgets/imagebutton/../../core/../misc/../font/../draw/../misc/../stdlib/lv_string.h:73:20:lv_memzero	16	static
../lvgl/src/widgets/imagebutton/../../core/lv_obj_style_gen.h:82:23:lv_obj_get_style_transform_width	24	static
../lvgl/src/widgets/imagebutton/../../core/lv_obj_style_gen.h:88:23:lv_obj_get_style_transform_height	24	static
../lvgl/src/widgets/imagebutton/lv_imagebutton.c:63:12:lv_imagebutton_create	24	static
../lvgl/src/widgets/imagebutton/lv_imagebutton.c:75:6:lv_imagebutton_set_src	32	static
../lvgl/src/widgets/imagebutton/lv_imagebutton.c:93:6:lv_imagebutton_set_state	24	static
../lvgl/src/widgets/imagebutton/lv_imagebutton.c:117:14:lv_imagebutton_get_src_left	24	static
../lvgl/src/widgets/imagebutton/lv_imagebutton.c:126:14:lv_imagebutton_get_src_middle	24	static
../lvgl/src/widgets/imagebutton/lv_imagebutton.c:134:14:lv_imagebutton_get_src_right	24	static
../lvgl/src/widgets/imagebutton/lv_imagebutton.c:146:13:lv_imagebutton_constructor	24	static
../lvgl/src/widgets/imagebutton/lv_imagebutton.c:157:13:lv_imagebutton_event	48	static
../lvgl/src/widgets/imagebutton/lv_imagebutton.c:188:13:draw_main	232	static
../lvgl/src/widgets/imagebutton/lv_imagebutton.c:256:13:refr_image	32	static
../lvgl/src/widgets/imagebutton/lv_imagebutton.c:277:31:suggest_state	24	static
../lvgl/src/widgets/imagebutton/lv_imagebutton.c:308:31:get_state	24	static
../lvgl/src/widgets/imagebutton/lv_imagebutton.c:329:13:update_src_info	24	static
