../lvgl/src/widgets/canvas/../image/../../core/../misc/../font/../draw/../misc/../stdlib/lv_string.h:73:20:lv_memzero	16	static
../lvgl/src/widgets/canvas/../image/../../core/lv_obj_style_gen.h:436:26:lv_obj_get_style_image_recolor	24	static
../lvgl/src/widgets/canvas/lv_canvas.c:59:12:lv_canvas_create	24	static
../lvgl/src/widgets/canvas/lv_canvas.c:71:6:lv_canvas_set_buffer	64	static
../lvgl/src/widgets/canvas/lv_canvas.c:90:6:lv_canvas_set_draw_buf	24	static
../lvgl/src/widgets/canvas/lv_canvas.c:107:6:lv_canvas_set_px	64	static
../lvgl/src/widgets/canvas/lv_canvas.c:181:6:lv_canvas_set_palette	32	static
../lvgl/src/widgets/canvas/lv_canvas.c:195:17:lv_canvas_get_draw_buf	24	static
../lvgl/src/widgets/canvas/lv_canvas.c:203:14:lv_canvas_get_px	56	static
../lvgl/src/widgets/canvas/lv_canvas.c:256:18:lv_canvas_get_image	24	static
../lvgl/src/widgets/canvas/lv_canvas.c:264:14:lv_canvas_get_buf	24	static
../lvgl/src/widgets/canvas/lv_canvas.c:279:6:lv_canvas_copy_buf	32	static
../lvgl/src/widgets/canvas/lv_canvas.c:293:6:lv_canvas_fill_bg	96	static
../lvgl/src/widgets/canvas/lv_canvas.c:371:6:lv_canvas_init_layer	48	static
../lvgl/src/widgets/canvas/lv_canvas.c:389:6:lv_canvas_finish_layer	24	static
../lvgl/src/widgets/canvas/lv_canvas.c:407:10:lv_canvas_buf_size	24	static
../lvgl/src/widgets/canvas/lv_canvas.c:416:13:lv_canvas_constructor	16	static
../lvgl/src/widgets/canvas/lv_canvas.c:422:13:lv_canvas_destructor	24	static
