../lvgl/src/widgets/bar/../../core/../misc/../font/../draw/../misc/lv_area.h:107:20:lv_area_copy	16	static
../lvgl/src/widgets/bar/../../core/lv_obj_style_gen.h:82:23:lv_obj_get_style_transform_width	24	static
../lvgl/src/widgets/bar/../../core/lv_obj_style_gen.h:88:23:lv_obj_get_style_transform_height	24	static
../lvgl/src/widgets/bar/../../core/lv_obj_style_gen.h:154:23:lv_obj_get_style_pad_top	24	static
../lvgl/src/widgets/bar/../../core/lv_obj_style_gen.h:160:23:lv_obj_get_style_pad_bottom	24	static
../lvgl/src/widgets/bar/../../core/lv_obj_style_gen.h:166:23:lv_obj_get_style_pad_left	24	static
../lvgl/src/widgets/bar/../../core/lv_obj_style_gen.h:172:23:lv_obj_get_style_pad_right	24	static
../lvgl/src/widgets/bar/../../core/lv_obj_style_gen.h:580:23:lv_obj_get_style_radius	24	static
../lvgl/src/widgets/bar/../../core/lv_obj_style_gen.h:628:24:lv_obj_get_style_anim_duration	24	static
../lvgl/src/widgets/bar/../../core/lv_obj_style_gen.h:652:29:lv_obj_get_style_base_dir	24	static
../lvgl/src/widgets/bar/lv_bar.c:83:12:lv_bar_create	24	static
../lvgl/src/widgets/bar/lv_bar.c:95:6:lv_bar_set_value	40	static
../lvgl/src/widgets/bar/lv_bar.c:110:6:lv_bar_set_start_value	40	static
../lvgl/src/widgets/bar/lv_bar.c:128:6:lv_bar_set_range	40	static
../lvgl/src/widgets/bar/lv_bar.c:158:6:lv_bar_set_mode	24	static
../lvgl/src/widgets/bar/lv_bar.c:171:6:lv_bar_set_orientation	24	static
../lvgl/src/widgets/bar/lv_bar.c:184:9:lv_bar_get_value	24	static
../lvgl/src/widgets/bar/lv_bar.c:192:9:lv_bar_get_start_value	24	static
../lvgl/src/widgets/bar/lv_bar.c:202:9:lv_bar_get_min_value	24	static
../lvgl/src/widgets/bar/lv_bar.c:209:9:lv_bar_get_max_value	24	static
../lvgl/src/widgets/bar/lv_bar.c:217:15:lv_bar_get_mode	24	static
../lvgl/src/widgets/bar/lv_bar.c:225:22:lv_bar_get_orientation	24	static
../lvgl/src/widgets/bar/lv_bar.c:233:6:lv_bar_is_symmetrical	24	static
../lvgl/src/widgets/bar/lv_bar.c:246:13:lv_bar_constructor	24	static
../lvgl/src/widgets/bar/lv_bar.c:274:13:lv_bar_destructor	24	static
../lvgl/src/widgets/bar/lv_bar.c:283:13:draw_indic	608	static
../lvgl/src/widgets/bar/lv_bar.c:589:13:lv_bar_event	64	static
../lvgl/src/widgets/bar/lv_bar.c:630:13:lv_bar_anim	24	static
../lvgl/src/widgets/bar/lv_bar.c:637:13:lv_bar_anim_completed	32	static
../lvgl/src/widgets/bar/lv_bar.c:651:13:lv_bar_set_value_with_anim	120	static
../lvgl/src/widgets/bar/lv_bar.c:691:13:lv_bar_init_anim	16	static
