../lvgl/src/widgets/spinbox/lv_spinbox.c:56:12:lv_spinbox_create	24	static
../lvgl/src/widgets/spinbox/lv_spinbox.c:68:6:lv_spinbox_set_value	24	static
../lvgl/src/widgets/spinbox/lv_spinbox.c:81:6:lv_spinbox_set_rollover	24	static
../lvgl/src/widgets/spinbox/lv_spinbox.c:89:6:lv_spinbox_set_digit_format	64	static
../lvgl/src/widgets/spinbox/lv_spinbox.c:110:6:lv_spinbox_set_step	24	static
../lvgl/src/widgets/spinbox/lv_spinbox.c:119:6:lv_spinbox_set_range	32	static
../lvgl/src/widgets/spinbox/lv_spinbox.c:133:6:lv_spinbox_set_cursor_pos	32	static
../lvgl/src/widgets/spinbox/lv_spinbox.c:147:6:lv_spinbox_set_digit_step_direction	24	static
../lvgl/src/widgets/spinbox/lv_spinbox.c:159:9:lv_spinbox_get_value	24	static
../lvgl/src/widgets/spinbox/lv_spinbox.c:167:9:lv_spinbox_get_step	24	static
../lvgl/src/widgets/spinbox/lv_spinbox.c:179:6:lv_spinbox_step_next	24	static
../lvgl/src/widgets/spinbox/lv_spinbox.c:190:6:lv_spinbox_step_prev	32	static
../lvgl/src/widgets/spinbox/lv_spinbox.c:202:6:lv_spinbox_get_rollover	24	static
../lvgl/src/widgets/spinbox/lv_spinbox.c:210:6:lv_spinbox_increment	24	static
../lvgl/src/widgets/spinbox/lv_spinbox.c:239:6:lv_spinbox_decrement	24	static
../lvgl/src/widgets/spinbox/lv_spinbox.c:272:13:lv_spinbox_constructor	24	static
../lvgl/src/widgets/spinbox/lv_spinbox.c:297:13:lv_spinbox_event	80	static
../lvgl/src/widgets/spinbox/lv_spinbox.c:400:13:lv_spinbox_updatevalue	88	static
