../lvgl/src/widgets/label/../../draw/../misc/lv_bidi.h:71:20:lv_bidi_calculate_align	24	static
../lvgl/src/widgets/label/../../core/lv_obj_style_gen.h:22:23:lv_obj_get_style_width	24	static
../lvgl/src/widgets/label/../../core/lv_obj_style_gen.h:34:23:lv_obj_get_style_max_width	24	static
../lvgl/src/widgets/label/../../core/lv_obj_style_gen.h:52:23:lv_obj_get_style_max_height	24	static
../lvgl/src/widgets/label/../../core/lv_obj_style_gen.h:154:23:lv_obj_get_style_pad_top	24	static
../lvgl/src/widgets/label/../../core/lv_obj_style_gen.h:166:23:lv_obj_get_style_pad_left	24	static
../lvgl/src/widgets/label/../../core/lv_obj_style_gen.h:220:26:lv_obj_get_style_bg_color	24	static
../lvgl/src/widgets/label/../../core/lv_obj_style_gen.h:538:26:lv_obj_get_style_text_color_filtered	32	static
../lvgl/src/widgets/label/../../core/lv_obj_style_gen.h:550:33:lv_obj_get_style_text_font	24	static
../lvgl/src/widgets/label/../../core/lv_obj_style_gen.h:556:23:lv_obj_get_style_text_letter_space	24	static
../lvgl/src/widgets/label/../../core/lv_obj_style_gen.h:562:23:lv_obj_get_style_text_line_space	24	static
../lvgl/src/widgets/label/../../core/lv_obj_style_gen.h:622:33:lv_obj_get_style_anim	24	static
../lvgl/src/widgets/label/../../core/lv_obj_style_gen.h:628:24:lv_obj_get_style_anim_duration	24	static
../lvgl/src/widgets/label/lv_label.c:121:12:lv_label_create	24	static
../lvgl/src/widgets/label/lv_label.c:133:6:lv_label_set_text	24	static
../lvgl/src/widgets/label/lv_label.c:175:6:lv_label_set_text_fmt	28	static
../lvgl/src/widgets/label/lv_label.c:203:6:lv_label_set_text_static	24	static
../lvgl/src/widgets/label/lv_label.c:221:6:lv_label_set_long_mode	24	static
../lvgl/src/widgets/label/lv_label.c:242:6:lv_label_set_text_selection_start	24	static
../lvgl/src/widgets/label/lv_label.c:256:6:lv_label_set_text_selection_end	24	static
../lvgl/src/widgets/label/lv_label.c:270:6:lv_label_set_recolor	24	static
../lvgl/src/widgets/label/lv_label.c:287:8:lv_label_get_text	24	static
../lvgl/src/widgets/label/lv_label.c:294:22:lv_label_get_long_mode	24	static
../lvgl/src/widgets/label/lv_label.c:301:6:lv_label_get_letter_pos	136	static
../lvgl/src/widgets/label/lv_label.c:409:10:lv_label_get_letter_on	176	static
../lvgl/src/widgets/label/lv_label.c:537:6:lv_label_is_char_under_pos	144	static
../lvgl/src/widgets/label/lv_label.c:621:10:lv_label_get_text_selection_start	24	static
../lvgl/src/widgets/label/lv_label.c:634:10:lv_label_get_text_selection_end	24	static
../lvgl/src/widgets/label/lv_label.c:647:6:lv_label_get_recolor	24	static
../lvgl/src/widgets/label/lv_label.c:659:6:lv_label_ins_text	40	static
../lvgl/src/widgets/label/lv_label.c:687:6:lv_label_cut_text	32	static
../lvgl/src/widgets/label/lv_label.c:709:13:lv_label_constructor	24	static
../lvgl/src/widgets/label/lv_label.c:741:13:lv_label_destructor	24	static
../lvgl/src/widgets/label/lv_label.c:750:13:lv_label_event	96	static
../lvgl/src/widgets/label/lv_label.c:807:13:draw_main	232	static
../lvgl/src/widgets/label/lv_label.c:905:13:overwrite_anim_property	24	static
../lvgl/src/widgets/label/lv_label.c:934:13:lv_label_refr_text	296	static
../lvgl/src/widgets/label/lv_label.c:1201:13:lv_label_revert_dots	24	static
../lvgl/src/widgets/label/lv_label.c:1212:13:lv_label_set_dots	24	static
../lvgl/src/widgets/label/lv_label.c:1230:13:set_ofs_x_anim	24	static
../lvgl/src/widgets/label/lv_label.c:1237:13:set_ofs_y_anim	24	static
../lvgl/src/widgets/label/lv_label.c:1244:15:get_text_length	24	static
../lvgl/src/widgets/label/lv_label.c:1256:13:copy_text_to_label	16	static
../lvgl/src/widgets/label/lv_label.c:1265:23:get_label_flags	24	static
../lvgl/src/widgets/label/lv_label.c:1283:13:calculate_x_coordinate	40	static
