../lvgl/src/misc/../stdlib/lv_string.h:73:20:lv_memzero	16	static
../lvgl/src/misc/lv_array.c:38:6:lv_array_init	24	static
../lvgl/src/misc/lv_array.c:49:6:lv_array_init_from_buf	24	static
../lvgl/src/misc/lv_array.c:60:6:lv_array_deinit	16	static
../lvgl/src/misc/lv_array.c:71:6:lv_array_copy	16	static
../lvgl/src/misc/lv_array.c:82:6:lv_array_shrink	16	static
../lvgl/src/misc/lv_array.c:89:13:lv_array_remove	32	static
../lvgl/src/misc/lv_array.c:111:13:lv_array_erase	40	static
../lvgl/src/misc/lv_array.c:137:6:lv_array_resize	24	static
../lvgl/src/misc/lv_array.c:157:13:lv_array_concat	24	static
../lvgl/src/misc/lv_array.c:174:13:lv_array_push_back	24	static
../lvgl/src/misc/lv_array.c:196:8:lv_array_at	16	static
../lvgl/src/misc/lv_array.c:206:13:lv_array_assign	32	static
../lvgl/src/misc/lv_array.c:215:10:lv_array_size	16	static
../lvgl/src/misc/lv_array.c:220:10:lv_array_capacity	16	static
../lvgl/src/misc/lv_array.c:225:6:lv_array_is_empty	16	static
../lvgl/src/misc/lv_array.c:230:6:lv_array_is_full	16	static
../lvgl/src/misc/lv_array.c:235:6:lv_array_clear	16	static
../lvgl/src/misc/lv_array.c:240:8:lv_array_front	16	static
../lvgl/src/misc/lv_array.c:245:8:lv_array_back	16	static
