../lvgl/src/misc/lv_circle_buf.c:53:19:lv_circle_buf_create	24	static
../lvgl/src/misc/lv_circle_buf.c:72:19:lv_circle_buf_create_from_buf	32	static
../lvgl/src/misc/lv_circle_buf.c:93:19:lv_circle_buf_create_from_array	32	static
../lvgl/src/misc/lv_circle_buf.c:117:13:lv_circle_buf_resize	16	static
../lvgl/src/misc/lv_circle_buf.c:133:6:lv_circle_buf_destroy	16	static
../lvgl/src/misc/lv_circle_buf.c:142:10:lv_circle_buf_size	16	static
../lvgl/src/misc/lv_circle_buf.c:149:10:lv_circle_buf_capacity	16	static
../lvgl/src/misc/lv_circle_buf.c:156:10:lv_circle_buf_remain	24	static
../lvgl/src/misc/lv_circle_buf.c:163:6:lv_circle_buf_is_empty	16	static
../lvgl/src/misc/lv_circle_buf.c:170:6:lv_circle_buf_is_full	16	static
../lvgl/src/misc/lv_circle_buf.c:177:6:lv_circle_buf_reset	16	static
../lvgl/src/misc/lv_circle_buf.c:186:8:lv_circle_buf_head	24	static
../lvgl/src/misc/lv_circle_buf.c:194:8:lv_circle_buf_tail	24	static
../lvgl/src/misc/lv_circle_buf.c:202:13:lv_circle_buf_read	16	static
../lvgl/src/misc/lv_circle_buf.c:218:13:lv_circle_buf_write	24	static
../lvgl/src/misc/lv_circle_buf.c:232:10:lv_circle_buf_fill	40	static
../lvgl/src/misc/lv_circle_buf.c:253:13:lv_circle_buf_skip	16	static
../lvgl/src/misc/lv_circle_buf.c:268:13:lv_circle_buf_peek	16	static
../lvgl/src/misc/lv_circle_buf.c:276:13:lv_circle_buf_peek_at	40	static
../lvgl/src/misc/lv_circle_buf.c:292:13:circle_buf_prepare_empty	32	static
