../lvgl/src/misc/../misc/../stdlib/lv_string.h:73:20:lv_memzero	16	static
../lvgl/src/misc/lv_fs.c:55:6:lv_fs_init	8	static
../lvgl/src/misc/lv_fs.c:60:6:lv_fs_deinit	8	static
../lvgl/src/misc/lv_fs.c:65:6:lv_fs_is_ready	24	static
../lvgl/src/misc/lv_fs.c:76:13:lv_fs_open	48	static
../lvgl/src/misc/lv_fs.c:145:6:lv_fs_make_path_from_buffer	24	static
../lvgl/src/misc/lv_fs.c:154:13:lv_fs_close	24	static
../lvgl/src/misc/lv_fs.c:186:13:lv_fs_read	48	static
../lvgl/src/misc/lv_fs.c:217:13:lv_fs_write	48	static
../lvgl/src/misc/lv_fs.c:248:13:lv_fs_seek	40	static
../lvgl/src/misc/lv_fs.c:276:13:lv_fs_tell	24	static
../lvgl/src/misc/lv_fs.c:304:13:lv_fs_dir_open	32	static
../lvgl/src/misc/lv_fs.c:343:13:lv_fs_dir_read	40	static
../lvgl/src/misc/lv_fs.c:368:13:lv_fs_dir_close	24	static
../lvgl/src/misc/lv_fs.c:390:6:lv_fs_drv_init	16	static
../lvgl/src/misc/lv_fs.c:395:6:lv_fs_drv_register	24	static
../lvgl/src/misc/lv_fs.c:406:15:lv_fs_get_drv	24	static
../lvgl/src/misc/lv_fs.c:419:8:lv_fs_get_letters	24	static
../lvgl/src/misc/lv_fs.c:434:14:lv_fs_get_ext	24	static
../lvgl/src/misc/lv_fs.c:449:8:lv_fs_up	24	static
../lvgl/src/misc/lv_fs.c:475:14:lv_fs_get_last	24	static
../lvgl/src/misc/lv_fs.c:508:24:lv_fs_resolve_path	24	static
../lvgl/src/misc/lv_fs.c:537:20:lv_fs_read_cached	88	static
../lvgl/src/misc/lv_fs.c:622:20:lv_fs_write_cached	64	static
../lvgl/src/misc/lv_fs.c:666:20:lv_fs_seek_cached	40	static
