../lvgl/src/misc/../core/../draw/sw/../../osal/lv_os.h:270:20:lv_lock	4	static
../lvgl/src/misc/../core/../draw/sw/../../osal/lv_os.h:280:20:lv_unlock	4	static
../lvgl/src/misc/lv_timer.c:55:6:lv_timer_core_init	8	static
../lvgl/src/misc/lv_timer.c:63:37:lv_timer_handler	40	static
../lvgl/src/misc/lv_timer.c:150:33:lv_timer_periodic_handler	16	static
../lvgl/src/misc/lv_timer.c:160:14:lv_timer_create_basic	8	static
../lvgl/src/misc/lv_timer.c:165:14:lv_timer_create	32	static
../lvgl/src/misc/lv_timer.c:188:6:lv_timer_set_cb	16	static
../lvgl/src/misc/lv_timer.c:194:6:lv_timer_delete	16	static
../lvgl/src/misc/lv_timer.c:202:6:lv_timer_pause	16	static
../lvgl/src/misc/lv_timer.c:208:6:lv_timer_resume	16	static
../lvgl/src/misc/lv_timer.c:215:6:lv_timer_set_period	16	static
../lvgl/src/misc/lv_timer.c:221:6:lv_timer_ready	16	static
../lvgl/src/misc/lv_timer.c:227:6:lv_timer_set_repeat_count	16	static
../lvgl/src/misc/lv_timer.c:233:6:lv_timer_set_auto_delete	16	static
../lvgl/src/misc/lv_timer.c:239:6:lv_timer_set_user_data	16	static
../lvgl/src/misc/lv_timer.c:245:6:lv_timer_reset	16	static
../lvgl/src/misc/lv_timer.c:252:6:lv_timer_enable	16	static
../lvgl/src/misc/lv_timer.c:258:6:lv_timer_core_deinit	8	static
../lvgl/src/misc/lv_timer.c:265:10:lv_timer_get_idle	4	static
../lvgl/src/misc/lv_timer.c:270:10:lv_timer_get_time_until_next	4	static
../lvgl/src/misc/lv_timer.c:275:14:lv_timer_get_next	16	static
../lvgl/src/misc/lv_timer.c:281:37:lv_timer_handler_run_in_period	16	static
../lvgl/src/misc/lv_timer.c:292:8:lv_timer_get_user_data	16	static
../lvgl/src/misc/lv_timer.c:297:6:lv_timer_get_paused	16	static
../lvgl/src/misc/lv_timer.c:311:13:lv_timer_exec	24	static
../lvgl/src/misc/lv_timer.c:363:17:lv_timer_time_remaining	24	static
../lvgl/src/misc/lv_timer.c:375:13:lv_timer_handler_resume	8	static
../lvgl/src/misc/lv_timer.c:384:6:lv_timer_handler_set_resume_cb	16	static
