../lvgl/src/widgets/dropdown/../../core/lv_obj_style_gen.h:124:23:lv_obj_get_style_transform_rotation	24	static
../lvgl/src/widgets/dropdown/../../core/lv_obj_style_gen.h:154:23:lv_obj_get_style_pad_top	24	static
../lvgl/src/widgets/dropdown/../../core/lv_obj_style_gen.h:160:23:lv_obj_get_style_pad_bottom	24	static
../lvgl/src/widgets/dropdown/../../core/lv_obj_style_gen.h:166:23:lv_obj_get_style_pad_left	24	static
../lvgl/src/widgets/dropdown/../../core/lv_obj_style_gen.h:172:23:lv_obj_get_style_pad_right	24	static
../lvgl/src/widgets/dropdown/../../core/lv_obj_style_gen.h:340:23:lv_obj_get_style_border_width	24	static
../lvgl/src/widgets/dropdown/../../core/lv_obj_style_gen.h:550:33:lv_obj_get_style_text_font	24	static
../lvgl/src/widgets/dropdown/../../core/lv_obj_style_gen.h:562:23:lv_obj_get_style_text_line_space	24	static
../lvgl/src/widgets/dropdown/../../core/lv_obj_style_gen.h:652:29:lv_obj_get_style_base_dir	24	static
../lvgl/src/widgets/dropdown/lv_dropdown.c:156:12:lv_dropdown_create	24	static
../lvgl/src/widgets/dropdown/lv_dropdown.c:168:6:lv_dropdown_set_text	24	static
../lvgl/src/widgets/dropdown/lv_dropdown.c:179:6:lv_dropdown_set_options	32	static
../lvgl/src/widgets/dropdown/lv_dropdown.c:226:6:lv_dropdown_set_options_static	24	static
../lvgl/src/widgets/dropdown/lv_dropdown.c:255:6:lv_dropdown_add_option	64	static
../lvgl/src/widgets/dropdown/lv_dropdown.c:322:6:lv_dropdown_clear_options	24	static
../lvgl/src/widgets/dropdown/lv_dropdown.c:339:6:lv_dropdown_set_selected	32	static
../lvgl/src/widgets/dropdown/lv_dropdown.c:356:6:lv_dropdown_set_dir	24	static
../lvgl/src/widgets/dropdown/lv_dropdown.c:368:6:lv_dropdown_set_symbol	24	static
../lvgl/src/widgets/dropdown/lv_dropdown.c:377:6:lv_dropdown_set_selected_highlight	24	static
../lvgl/src/widgets/dropdown/lv_dropdown.c:390:12:lv_dropdown_get_list	24	static
../lvgl/src/widgets/dropdown/lv_dropdown.c:398:14:lv_dropdown_get_text	24	static
../lvgl/src/widgets/dropdown/lv_dropdown.c:406:14:lv_dropdown_get_options	24	static
../lvgl/src/widgets/dropdown/lv_dropdown.c:414:10:lv_dropdown_get_selected	24	static
../lvgl/src/widgets/dropdown/lv_dropdown.c:423:10:lv_dropdown_get_option_count	24	static
../lvgl/src/widgets/dropdown/lv_dropdown.c:432:6:lv_dropdown_get_selected_str	48	static
../lvgl/src/widgets/dropdown/lv_dropdown.c:466:9:lv_dropdown_get_option_index	40	static
../lvgl/src/widgets/dropdown/lv_dropdown.c:490:14:lv_dropdown_get_symbol	24	static
../lvgl/src/widgets/dropdown/lv_dropdown.c:497:6:lv_dropdown_get_selected_highlight	24	static
../lvgl/src/widgets/dropdown/lv_dropdown.c:504:10:lv_dropdown_get_dir	24	static
../lvgl/src/widgets/dropdown/lv_dropdown.c:515:6:lv_dropdown_open	80	static
../lvgl/src/widgets/dropdown/lv_dropdown.c:613:6:lv_dropdown_close	24	static
../lvgl/src/widgets/dropdown/lv_dropdown.c:626:6:lv_dropdown_is_open	24	static
../lvgl/src/widgets/dropdown/lv_dropdown.c:638:19:lv_dropdown_list_create	24	static
../lvgl/src/widgets/dropdown/lv_dropdown.c:646:13:lv_dropdown_constructor	24	static
../lvgl/src/widgets/dropdown/lv_dropdown.c:678:13:lv_dropdown_destructor	24	static
../lvgl/src/widgets/dropdown/lv_dropdown.c:694:13:lv_dropdownlist_constructor	16	static
../lvgl/src/widgets/dropdown/lv_dropdown.c:709:13:lv_dropdownlist_destructor	32	static
../lvgl/src/widgets/dropdown/lv_dropdown.c:718:13:lv_dropdown_event	64	static
../lvgl/src/widgets/dropdown/lv_dropdown.c:821:13:lv_dropdown_list_event	40	static
../lvgl/src/widgets/dropdown/lv_dropdown.c:856:13:draw_main	568	static
../lvgl/src/widgets/dropdown/lv_dropdown.c:972:13:draw_list	80	static
../lvgl/src/widgets/dropdown/lv_dropdown.c:1008:13:draw_box	184	static
../lvgl/src/widgets/dropdown/lv_dropdown.c:1047:13:draw_box_label	200	static
../lvgl/src/widgets/dropdown/lv_dropdown.c:1095:20:btn_release_handler	32	static
../lvgl/src/widgets/dropdown/lv_dropdown.c:1131:20:list_release_handler	56	static
../lvgl/src/widgets/dropdown/lv_dropdown.c:1167:13:list_press_handler	40	static
../lvgl/src/widgets/dropdown/lv_dropdown.c:1182:17:get_id_on_point	48	static
../lvgl/src/widgets/dropdown/lv_dropdown.c:1206:13:position_to_selected	56	static
../lvgl/src/widgets/dropdown/lv_dropdown.c:1226:19:get_label	24	static
