../lvgl/src/misc/cache/../../stdlib/lv_string.h:73:20:lv_memzero	16	static
../lvgl/src/misc/cache/lv_cache_lru_rb.c:146:15:alloc_new_node	40	static
../lvgl/src/misc/cache/lv_cache_lru_rb.c:182:23:get_lru_node	16	static
../lvgl/src/misc/cache/lv_cache_lru_rb.c:187:15:alloc_cb	16	static
../lvgl/src/misc/cache/lv_cache_lru_rb.c:200:13:init_cnt_cb	32	static
../lvgl/src/misc/cache/lv_cache_lru_rb.c:223:13:init_size_cb	32	static
../lvgl/src/misc/cache/lv_cache_lru_rb.c:246:13:destroy_cb	24	static
../lvgl/src/misc/cache/lv_cache_lru_rb.c:261:27:get_cb	56	static
../lvgl/src/misc/cache/lv_cache_lru_rb.c:298:27:add_cb	40	static
../lvgl/src/misc/cache/lv_cache_lru_rb.c:323:13:remove_cb	40	static
../lvgl/src/misc/cache/lv_cache_lru_rb.c:350:13:drop_cb	48	static
../lvgl/src/misc/cache/lv_cache_lru_rb.c:381:13:drop_all_cb	40	static
../lvgl/src/misc/cache/lv_cache_lru_rb.c:415:27:get_victim_cb	32	static
../lvgl/src/misc/cache/lv_cache_lru_rb.c:435:36:reserve_cond_cb	32	static
../lvgl/src/misc/cache/lv_cache_lru_rb.c:459:17:cnt_get_data_size_cb	16	static
../lvgl/src/misc/cache/lv_cache_lru_rb.c:465:17:size_get_data_size_cb	24	static
../lvgl/src/misc/cache/lv_cache_lru_rb.c:471:20:cache_iter_create_cb	16	static
../lvgl/src/misc/cache/lv_cache_lru_rb.c:476:20:cache_iter_next_cb	48	static
