../Core/Src/ILI9341.c:8:22:DelayMicro	16	static
../Core/Src/ILI9341.c:14:6:ILI9341_SendCommand	16	static
../Core/Src/ILI9341.c:18:6:ILI9341_SendData	16	static
../Core/Src/ILI9341.c:22:6:ILI9341_WriteReg	24	static
../Core/Src/ILI9341.c:36:10:ILI9341_ReadReg	24	static
../Core/Src/ILI9341.c:73:6:ILI9341_reset	16	static
../Core/Src/ILI9341.c:83:6:ILI9341_Init	8	static
../Core/Src/ILI9341.c:92:6:ILI9341_Configuration	8	static
../Core/Src/ILI9341.c:217:6:ILI9341_SetCursorPosition	24	static
../Core/Src/ILI9341.c:232:6:ILI9341_SetWindow	24	static
../Core/Src/ILI9341.c:245:6:ILI9341_DrawPixel	16	static
../Core/Src/ILI9341.c:251:6:ILI9341_Fill	24	static
../Core/Src/ILI9341.c:269:6:ILI9341_setRotation	16	static
../Core/Src/ILI9341.c:297:6:ILI9341_Fill_Rect	32	static
../Core/Src/ILI9341.c:308:6:ILI9341_drawChar	40	static
../Core/Src/ILI9341.c:349:6:ILI9341_printText	48	static
../Core/Src/ILI9341.c:378:6:ILI9341_SetDisplayWindow	16	static
../Core/Src/ILI9341.c:417:13:ILI9341_DrawRGBHLine	40	static
../Core/Src/ILI9341.c:470:6:ILI9341_DrawRGBImage	32	static
../Core/Src/ILI9341.c:530:6:lv_port_disp_init	24	static
../Core/Src/ILI9341.c:576:13:disp_init	8	static
../Core/Src/ILI9341.c:586:6:disp_enable_update	4	static
../Core/Src/ILI9341.c:593:6:disp_disable_update	4	static
../Core/Src/ILI9341.c:602:13:disp_flush	48	static
