../Core/Src/stm32f4xx_hal_msp.c:65:6:HAL_MspInit	16	static
../Core/Src/stm32f4xx_hal_msp.c:88:6:HAL_ADC_MspInit	48	static
../Core/Src/stm32f4xx_hal_msp.c:122:6:HAL_ADC_MspDeInit	16	static
../Core/Src/stm32f4xx_hal_msp.c:150:6:HAL_SPI_MspInit	48	static
../Core/Src/stm32f4xx_hal_msp.c:188:6:HAL_SPI_MspDeInit	16	static
../Core/Src/stm32f4xx_hal_msp.c:218:6:HAL_TIM_Encoder_MspInit	48	static
../Core/Src/stm32f4xx_hal_msp.c:255:6:HAL_TIM_Base_MspInit	24	static
../Core/Src/stm32f4xx_hal_msp.c:281:6:HAL_TIM_PWM_MspInit	24	static
../Core/Src/stm32f4xx_hal_msp.c:298:6:HAL_TIM_MspPostInit	40	static
../Core/Src/stm32f4xx_hal_msp.c:330:6:HAL_TIM_Encoder_MspDeInit	16	static
../Core/Src/stm32f4xx_hal_msp.c:359:6:HAL_TIM_Base_MspDeInit	16	static
../Core/Src/stm32f4xx_hal_msp.c:384:6:HAL_TIM_PWM_MspDeInit	16	static
../Core/Src/stm32f4xx_hal_msp.c:406:6:HAL_UART_MspInit	48	static
../Core/Src/stm32f4xx_hal_msp.c:443:6:HAL_UART_MspDeInit	16	static
../Core/Src/stm32f4xx_hal_msp.c:468:13:HAL_FSMC_MspInit	32	static
../Core/Src/stm32f4xx_hal_msp.c:515:6:HAL_SRAM_MspInit	16	static
../Core/Src/stm32f4xx_hal_msp.c:527:13:HAL_FSMC_MspDeInit	8	static
../Core/Src/stm32f4xx_hal_msp.c:562:6:HAL_SRAM_MspDeInit	16	static
