../lvgl/src/core/lv_obj_tree.c:52:6:lv_obj_delete	32	static
../lvgl/src/core/lv_obj_tree.c:90:6:lv_obj_clean	24	static
../lvgl/src/core/lv_obj_tree.c:120:6:lv_obj_delete_delayed	112	static
../lvgl/src/core/lv_obj_tree.c:132:6:lv_obj_delete_anim_completed_cb	16	static
../lvgl/src/core/lv_obj_tree.c:137:6:lv_obj_delete_async	16	static
../lvgl/src/core/lv_obj_tree.c:143:6:lv_obj_set_parent	32	static
../lvgl/src/core/lv_obj_tree.c:204:6:lv_obj_move_to_index	32	static
../lvgl/src/core/lv_obj_tree.c:253:6:lv_obj_swap	32	static
../lvgl/src/core/lv_obj_tree.c:286:12:lv_obj_get_screen	24	static
../lvgl/src/core/lv_obj_tree.c:301:16:lv_obj_get_display	32	static
../lvgl/src/core/lv_obj_tree.c:323:12:lv_obj_get_parent	16	static
../lvgl/src/core/lv_obj_tree.c:331:12:lv_obj_get_child	24	static
../lvgl/src/core/lv_obj_tree.c:351:12:lv_obj_get_child_by_type	32	static
../lvgl/src/core/lv_obj_tree.c:379:12:lv_obj_get_sibling	24	static
../lvgl/src/core/lv_obj_tree.c:388:12:lv_obj_get_sibling_by_type	32	static
../lvgl/src/core/lv_obj_tree.c:399:10:lv_obj_get_child_count	16	static
../lvgl/src/core/lv_obj_tree.c:406:10:lv_obj_get_child_count_by_type	24	static
../lvgl/src/core/lv_obj_tree.c:419:9:lv_obj_get_index	24	static
../lvgl/src/core/lv_obj_tree.c:436:9:lv_obj_get_index_by_type	32	static
../lvgl/src/core/lv_obj_tree.c:457:6:lv_obj_tree_walk	24	static
../lvgl/src/core/lv_obj_tree.c:462:6:lv_obj_dump_tree	24	static
../lvgl/src/core/lv_obj_tree.c:483:13:lv_obj_delete_async_cb	16	static
../lvgl/src/core/lv_obj_tree.c:490:13:obj_indev_reset	16	static
../lvgl/src/core/lv_obj_tree.c:504:13:obj_delete_core	64	static
../lvgl/src/core/lv_obj_tree.c:593:31:walk_core	40	static
../lvgl/src/core/lv_obj_tree.c:623:13:dump_tree_core	24	static
../lvgl/src/core/lv_obj_tree.c:647:19:lv_obj_get_first_not_deleting_child	24	static
