../lvgl/src/core/lv_obj_event.c:48:13:lv_obj_send_event	56	static
../lvgl/src/core/lv_obj_event.c:75:13:lv_obj_event_base	24	static
../lvgl/src/core/lv_obj_event.c:100:18:lv_obj_add_event_cb	24	static
../lvgl/src/core/lv_obj_event.c:108:10:lv_obj_get_event_count	16	static
../lvgl/src/core/lv_obj_event.c:115:18:lv_obj_get_event_dsc	16	static
../lvgl/src/core/lv_obj_event.c:122:6:lv_obj_remove_event	16	static
../lvgl/src/core/lv_obj_event.c:129:6:lv_obj_remove_event_cb	32	static
../lvgl/src/core/lv_obj_event.c:146:6:lv_obj_remove_event_dsc	16	static
../lvgl/src/core/lv_obj_event.c:154:10:lv_obj_remove_event_cb_with_user_data	40	static
../lvgl/src/core/lv_obj_event.c:173:12:lv_event_get_current_target_obj	16	static
../lvgl/src/core/lv_obj_event.c:178:12:lv_event_get_target_obj	16	static
../lvgl/src/core/lv_obj_event.c:183:14:lv_event_get_indev	16	static
../lvgl/src/core/lv_obj_event.c:212:14:lv_event_get_layer	16	static
../lvgl/src/core/lv_obj_event.c:228:19:lv_event_get_old_size	16	static
../lvgl/src/core/lv_obj_event.c:239:10:lv_event_get_key	24	static
../lvgl/src/core/lv_obj_event.c:252:9:lv_event_get_rotary_diff	24	static
../lvgl/src/core/lv_obj_event.c:265:13:lv_event_get_scroll_anim	16	static
../lvgl/src/core/lv_obj_event.c:276:6:lv_event_set_ext_draw_size	24	static
../lvgl/src/core/lv_obj_event.c:287:14:lv_event_get_self_size_info	16	static
../lvgl/src/core/lv_obj_event.c:298:22:lv_event_get_hit_test_info	16	static
../lvgl/src/core/lv_obj_event.c:309:19:lv_event_get_cover_area	24	static
../lvgl/src/core/lv_obj_event.c:321:6:lv_event_set_cover_res	24	static
../lvgl/src/core/lv_obj_event.c:332:18:lv_event_get_draw_task	16	static
../lvgl/src/core/lv_obj_event.c:348:20:event_send_core	40	static
../lvgl/src/core/lv_obj_event.c:381:13:event_is_bubbled	16	static
