../lvgl/src/widgets/keyboard/lv_keyboard.c:216:12:lv_keyboard_create	24	static
../lvgl/src/widgets/keyboard/lv_keyboard.c:228:6:lv_keyboard_set_textarea	24	static
../lvgl/src/widgets/keyboard/lv_keyboard.c:250:6:lv_keyboard_set_mode	24	static
../lvgl/src/widgets/keyboard/lv_keyboard.c:260:6:lv_keyboard_set_popovers	24	static
../lvgl/src/widgets/keyboard/lv_keyboard.c:272:6:lv_keyboard_set_map	24	static
../lvgl/src/widgets/keyboard/lv_keyboard.c:285:12:lv_keyboard_get_textarea	24	static
../lvgl/src/widgets/keyboard/lv_keyboard.c:292:20:lv_keyboard_get_mode	24	static
../lvgl/src/widgets/keyboard/lv_keyboard.c:299:6:lv_keyboard_get_popovers	24	static
../lvgl/src/widgets/keyboard/lv_keyboard.c:309:6:lv_keyboard_def_event_cb	48	static
../lvgl/src/widgets/keyboard/lv_keyboard.c:413:22:lv_keyboard_get_map_array	16	static
../lvgl/src/widgets/keyboard/lv_keyboard.c:418:10:lv_keyboard_get_selected_button	16	static
../lvgl/src/widgets/keyboard/lv_keyboard.c:423:14:lv_keyboard_get_button_text	16	static
../lvgl/src/widgets/keyboard/lv_keyboard.c:432:13:lv_keyboard_constructor	24	static
../lvgl/src/widgets/keyboard/lv_keyboard.c:453:13:lv_keyboard_update_map	24	static
../lvgl/src/widgets/keyboard/lv_keyboard.c:464:13:lv_keyboard_update_ctrl_map	32	static
